[2021-10-29T21:07:32.292+0300][gc] Using G1
[2021-10-29T21:07:32.296+0300][gc,init] Version: 17+35-LTS-2724 (release)
[2021-10-29T21:07:32.296+0300][gc,init] CPUs: 16 total, 16 available
[2021-10-29T21:07:32.296+0300][gc,init] Memory: 16384M
[2021-10-29T21:07:32.296+0300][gc,init] Large Page Support: Disabled
[2021-10-29T21:07:32.296+0300][gc,init] NUMA Support: Disabled
[2021-10-29T21:07:32.296+0300][gc,init] Compressed Oops: Enabled (Zero based)
[2021-10-29T21:07:32.296+0300][gc,init] Heap Region Size: 1M
[2021-10-29T21:07:32.296+0300][gc,init] Heap Min Capacity: 512M
[2021-10-29T21:07:32.296+0300][gc,init] Heap Initial Capacity: 512M
[2021-10-29T21:07:32.296+0300][gc,init] Heap Max Capacity: 512M
[2021-10-29T21:07:32.296+0300][gc,init] Pre-touch: Disabled
[2021-10-29T21:07:32.296+0300][gc,init] Parallel Workers: 13
[2021-10-29T21:07:32.296+0300][gc,init] Concurrent Workers: 3
[2021-10-29T21:07:32.296+0300][gc,init] Concurrent Refinement Workers: 13
[2021-10-29T21:07:32.296+0300][gc,init] Periodic GC: Disabled
[2021-10-29T21:07:32.296+0300][gc,metaspace] CDS archive(s) mapped at: [0x0000000800000000-0x0000000800bd0000-0x0000000800bd0000), size 12386304, SharedBaseAddress: 0x0000000800000000, ArchiveRelocationMode: 0.
[2021-10-29T21:07:32.296+0300][gc,metaspace] Compressed class space mapped at: 0x0000000800c00000-0x0000000840c00000, reserved size: 1073741824
[2021-10-29T21:07:32.296+0300][gc,metaspace] Narrow klass base: 0x0000000800000000, Narrow klass shift: 0, Narrow klass range: 0x100000000
[2021-10-29T21:08:50.661+0300][gc,start    ] GC(0) Pause Young (Normal) (G1 Evacuation Pause)
[2021-10-29T21:08:50.662+0300][gc,task     ] GC(0) Using 12 workers of 13 for evacuation
[2021-10-29T21:08:50.667+0300][gc,phases   ] GC(0)   Pre Evacuate Collection Set: 0.1ms
[2021-10-29T21:08:50.667+0300][gc,phases   ] GC(0)   Merge Heap Roots: 0.2ms
[2021-10-29T21:08:50.667+0300][gc,phases   ] GC(0)   Evacuate Collection Set: 4.2ms
[2021-10-29T21:08:50.667+0300][gc,phases   ] GC(0)   Post Evacuate Collection Set: 0.4ms
[2021-10-29T21:08:50.667+0300][gc,phases   ] GC(0)   Other: 1.3ms
[2021-10-29T21:08:50.667+0300][gc,heap     ] GC(0) Eden regions: 25->0(21)
[2021-10-29T21:08:50.667+0300][gc,heap     ] GC(0) Survivor regions: 0->4(4)
[2021-10-29T21:08:50.667+0300][gc,heap     ] GC(0) Old regions: 0->4
[2021-10-29T21:08:50.667+0300][gc,heap     ] GC(0) Archive regions: 2->2
[2021-10-29T21:08:50.667+0300][gc,heap     ] GC(0) Humongous regions: 0->0
[2021-10-29T21:08:50.667+0300][gc,metaspace] GC(0) Metaspace: 7950K(8064K)->7950K(8064K) NonClass: 7052K(7104K)->7052K(7104K) Class: 897K(960K)->897K(960K)
[2021-10-29T21:08:50.667+0300][gc          ] GC(0) Pause Young (Normal) (G1 Evacuation Pause) 25M->8M(512M) 6.449ms
[2021-10-29T21:08:50.667+0300][gc,cpu      ] GC(0) User=0.02s Sys=0.03s Real=0.00s
[2021-10-29T23:33:50.082+0300][gc,heap,exit] Heap
[2021-10-29T23:33:50.082+0300][gc,heap,exit]  garbage-first heap   total 524288K, used 24420K [0x00000007e0000000, 0x0000000800000000)
[2021-10-29T23:33:50.082+0300][gc,heap,exit]   region size 1024K, 20 young (20480K), 4 survivors (4096K)
[2021-10-29T23:33:50.082+0300][gc,heap,exit]  Metaspace       used 8710K, committed 8896K, reserved 1064960K
[2021-10-29T23:33:50.082+0300][gc,heap,exit]   class space    used 921K, committed 1024K, reserved 1048576K
